<?xml version="1.0" encoding="UTF-8"?>
<TestRun id="50aa2531-8550-4500-a29b-a32badf80e9c" name="MDana@MDANA-PC 2012-03-31 16:39:47" runUser="MDana-PC\MDana" xmlns="http://microsoft.com/schemas/VisualStudio/TeamTest/2010">
  <TestSettings name="Default Test Settings" id="cfb06290-9db7-48b7-8622-4a3d4d62ef0f">
    <Deployment runDeploymentRoot="MDana_MDANA-PC 2012-03-31 16_39_47">
      <DeploymentItem filename="C:\Users\MDana\Desktop\y3\adv-web\assignment 2\MvcWeb1\MvcWeb1\bin\MvcWeb1.dll" />
    </Deployment>
    <Execution>
      <TestTypeSpecific />
      <AgentRule name="Execution Agents">
      </AgentRule>
    </Execution>
  </TestSettings>
  <Times creation="2012-03-31T16:39:47.3220099+01:00" queuing="2012-03-31T16:39:49.2761217+01:00" start="2012-03-31T16:39:49.8421541+01:00" finish="2012-03-31T16:39:50.5371938+01:00" />
  <ResultSummary outcome="Completed">
    <Counters total="2" executed="2" passed="2" error="0" failed="0" timeout="0" aborted="0" inconclusive="0" passedButRunAborted="0" notRunnable="0" notExecuted="0" disconnected="0" warning="0" completed="0" inProgress="0" pending="0" />
  </ResultSummary>
  <TestDefinitions>
    <UnitTest name="Index" storage="c:\users\mdana\desktop\y3\adv-web\assignment 2\mvcweb1\mvcweb1.tests\bin\debug\mvcweb1.tests.dll" id="510f240a-f530-55da-ca1e-c7f3c0d2b24f">
      <Execution id="d2e20735-c3bf-442f-b168-30a2f8473bf6" />
      <TestMethod codeBase="C:/Users/MDana/Desktop/y3/adv-web/assignment 2/MvcWeb1/MvcWeb1.Tests/bin/Debug/MvcWeb1.Tests.DLL" adapterTypeName="Microsoft.VisualStudio.TestTools.TestTypes.Unit.UnitTestAdapter, Microsoft.VisualStudio.QualityTools.Tips.UnitTest.Adapter, Version=10.0.0.0, Culture=neutral, PublicKeyToken=b03f5f7f11d50a3a" className="MvcWeb1.Tests.Controllers.HomeControllerTest, MvcWeb1.Tests, Version=1.0.0.0, Culture=neutral, PublicKeyToken=null" name="Index" />
    </UnitTest>
    <UnitTest name="About" storage="c:\users\mdana\desktop\y3\adv-web\assignment 2\mvcweb1\mvcweb1.tests\bin\debug\mvcweb1.tests.dll" id="d9add3db-379f-cb0e-4fbb-a27d89c05ffb">
      <Execution id="2e19d04b-4a88-4e4c-b372-30e1b311ecb8" />
      <TestMethod codeBase="C:/Users/MDana/Desktop/y3/adv-web/assignment 2/MvcWeb1/MvcWeb1.Tests/bin/Debug/MvcWeb1.Tests.DLL" adapterTypeName="Microsoft.VisualStudio.TestTools.TestTypes.Unit.UnitTestAdapter, Microsoft.VisualStudio.QualityTools.Tips.UnitTest.Adapter, Version=10.0.0.0, Culture=neutral, PublicKeyToken=b03f5f7f11d50a3a" className="MvcWeb1.Tests.Controllers.HomeControllerTest, MvcWeb1.Tests, Version=1.0.0.0, Culture=neutral, PublicKeyToken=null" name="About" />
    </UnitTest>
  </TestDefinitions>
  <TestLists>
    <TestList name="Results Not in a List" id="8c84fa94-04c1-424b-9868-57a2d4851a1d" />
    <TestList name="All Loaded Results" id="19431567-8539-422a-85d7-44ee4e166bda" />
  </TestLists>
  <TestEntries>
    <TestEntry testId="510f240a-f530-55da-ca1e-c7f3c0d2b24f" executionId="d2e20735-c3bf-442f-b168-30a2f8473bf6" testListId="8c84fa94-04c1-424b-9868-57a2d4851a1d" />
    <TestEntry testId="d9add3db-379f-cb0e-4fbb-a27d89c05ffb" executionId="2e19d04b-4a88-4e4c-b372-30e1b311ecb8" testListId="8c84fa94-04c1-424b-9868-57a2d4851a1d" />
  </TestEntries>
  <Results>
    <UnitTestResult executionId="d2e20735-c3bf-442f-b168-30a2f8473bf6" testId="510f240a-f530-55da-ca1e-c7f3c0d2b24f" testName="Index" computerName="MDANA-PC" duration="00:00:00.1166108" startTime="2012-03-31T16:39:49.9081578+01:00" endTime="2012-03-31T16:39:50.4491888+01:00" testType="13cdc9d9-ddb5-4fa4-a97d-d965ccfc6d4b" outcome="Passed" testListId="8c84fa94-04c1-424b-9868-57a2d4851a1d" relativeResultsDirectory="d2e20735-c3bf-442f-b168-30a2f8473bf6">
    </UnitTestResult>
    <UnitTestResult executionId="2e19d04b-4a88-4e4c-b372-30e1b311ecb8" testId="d9add3db-379f-cb0e-4fbb-a27d89c05ffb" testName="About" computerName="MDANA-PC" duration="00:00:00.0003134" startTime="2012-03-31T16:39:50.4571892+01:00" endTime="2012-03-31T16:39:50.4671898+01:00" testType="13cdc9d9-ddb5-4fa4-a97d-d965ccfc6d4b" outcome="Passed" testListId="8c84fa94-04c1-424b-9868-57a2d4851a1d" relativeResultsDirectory="2e19d04b-4a88-4e4c-b372-30e1b311ecb8">
    </UnitTestResult>
  </Results>
</TestRun>